TAP version 13
# (node:21833) [MODULE_TYPELESS_PACKAGE_JSON] Warning: Module type of file:///Users/johnmobley/sandboxes/paradise-ocean-boundaries/paradise/public/island/ocean.js is not specified and it doesn't parse as CommonJS.
# Reparsing as ES module because module syntax was detected. This incurs a performance overhead.
# To eliminate this warning, add "type": "module" to /Users/johnmobley/sandboxes/paradise-ocean-boundaries/package.json.
# (Use `node --trace-warnings ...` to show where the warning was created)
# Subtest: the island, shoreline and inner cove retain their authored elevations
ok 1 - the island, shoreline and inner cove retain their authored elevations
  ---
  duration_ms: 38.366792
  ...
# Subtest: offshore grade is continuous, bounded and still reaches the deep seafloor
ok 2 - offshore grade is continuous, bounded and still reaches the deep seafloor
  ---
  duration_ms: 23.281875
  ...
# Subtest: overview rays no longer jump behind the outer shelf
ok 3 - overview rays no longer jump behind the outer shelf
  ---
  duration_ms: 30.0435
  ...
# (node:21834) [MODULE_TYPELESS_PACKAGE_JSON] Warning: Module type of file:///Users/johnmobley/sandboxes/paradise-ocean-boundaries/paradise/public/island/ocean.js is not specified and it doesn't parse as CommonJS.
# Reparsing as ES module because module syntax was detected. This incurs a performance overhead.
# To eliminate this warning, add "type": "module" to /Users/johnmobley/sandboxes/paradise-ocean-boundaries/package.json.
# (Use `node --trace-warnings ...` to show where the warning was created)
# Subtest: ballistic spray returns to water with bounded, non-recursive impulses
ok 4 - ballistic spray returns to water with bounded, non-recursive impulses
  ---
  duration_ms: 4.730334
  ...
# Subtest: spray pool is bounded and rejects dry or invalid impacts
ok 5 - spray pool is bounded and rejects dry or invalid impacts
  ---
  duration_ms: 32.285583
  ...
# Subtest: spray follows a moving water surface and expires if the surface disappears
ok 6 - spray follows a moving water surface and expires if the surface disappears
  ---
  duration_ms: 21.280417
  ...
# Subtest: two-bone IK preserves segment lengths and clamps unreachable targets
ok 7 - two-bone IK preserves segment lengths and clamps unreachable targets
  ---
  duration_ms: 0.617291
  ...
# Subtest: quadruped plants stance paws without sliding, with at least three contacts
ok 8 - quadruped plants stance paws without sliding, with at least three contacts
  ---
  duration_ms: 132.312125
  ...
# Subtest: quadruped settles on attention and does not travel in reduced motion
ok 9 - quadruped settles on attention and does not travel in reduced motion
  ---
  duration_ms: 1.488875
  ...
# Subtest: finite-difference water is stable, propagates disturbances and dissipates energy
ok 10 - finite-difference water is stable, propagates disturbances and dissipates energy
  ---
  duration_ms: 162.200958
  ...
# Subtest: shoreline mask remains dry; published field matches the sampled surface
ok 11 - shoreline mask remains dry; published field matches the sampled surface
  ---
  duration_ms: 35.091375
  ...
# Subtest: 32 finite wave components retain PandoraChat dispersion and spectrum
ok 12 - 32 finite wave components retain PandoraChat dispersion and spectrum
  ---
  duration_ms: 0.380959
  ...
# Subtest: shore transitions continuously into a deep seabed
ok 13 - shore transitions continuously into a deep seabed
  ---
  duration_ms: 1.7235
  ...
# Subtest: small wind waves are bounded, weather-driven and use gravity-capillary dispersion
ok 14 - small wind waves are bounded, weather-driven and use gravity-capillary dispersion
  ---
  duration_ms: 0.657959
  ...
# Subtest: legacy catch counts are preserved exactly and imported once
ok 15 - legacy catch counts are preserved exactly and imported once
  ---
  duration_ms: 0.684833
  ...
# Subtest: malformed or blocked browser storage cannot stop the island
ok 16 - malformed or blocked browser storage cannot stop the island
  ---
  duration_ms: 0.294375
  ...
# Subtest: a full storage quota does not hide a readable legacy journal
ok 17 - a full storage quota does not hide a readable legacy journal
  ---
  duration_ms: 0.100542
  ...
# Subtest: weather and time influence rare-fish distribution
ok 18 - weather and time influence rare-fish distribution
  ---
  duration_ms: 0.749125
  ...
# (node:21835) [MODULE_TYPELESS_PACKAGE_JSON] Warning: Module type of file:///Users/johnmobley/sandboxes/paradise-ocean-boundaries/paradise/public/island/evening-light.js is not specified and it doesn't parse as CommonJS.
# Reparsing as ES module because module syntax was detected. This incurs a performance overhead.
# To eliminate this warning, add "type": "module" to /Users/johnmobley/sandboxes/paradise-ocean-boundaries/package.json.
# (Use `node --trace-warnings ...` to show where the warning was created)
# Subtest: evening illumination follows time and weather, with a bounded daylight baseline
ok 19 - evening illumination follows time and weather, with a bounded daylight baseline
  ---
  duration_ms: 1.654791
  ...
# Subtest: curtained glazing is deterministic, finite and keeps independent material state
ok 20 - curtained glazing is deterministic, finite and keeps independent material state
  ---
  duration_ms: 8.514875
  ...
# Subtest: modeled fixtures use four non-shadow local lights and restore exact day state
ok 21 - modeled fixtures use four non-shadow local lights and restore exact day state
  ---
  duration_ms: 31.470083
  ...
# (node:21836) [MODULE_TYPELESS_PACKAGE_JSON] Warning: Module type of file:///Users/johnmobley/sandboxes/paradise-ocean-boundaries/paradise/public/island/fish.js is not specified and it doesn't parse as CommonJS.
# Reparsing as ES module because module syntax was detected. This incurs a performance overhead.
# To eliminate this warning, add "type": "module" to /Users/johnmobley/sandboxes/paradise-ocean-boundaries/package.json.
# (Use `node --trace-warnings ...` to show where the warning was created)
# Subtest: eight deterministic sculpted hulls have finite geometry, colors, and normalized skin weights
ok 22 - eight deterministic sculpted hulls have finite geometry, colors, and normalized skin weights
  ---
  duration_ms: 194.334333
  ...
# Subtest: all sculpted parts are closed with outward winding and nondegenerate faces
ok 23 - all sculpted parts are closed with outward winding and nondegenerate faces
  ---
  duration_ms: 144.8825
  ...
# Subtest: school shares eight geometries and one material, but not skeletons
ok 24 - school shares eight geometries and one material, but not skeletons
  ---
  duration_ms: 20.817375
  ...
# Subtest: skin bends actual tail vertices, keeps head stable, and bounds reduced-motion animation
ok 25 - skin bends actual tail vertices, keeps head stable, and bounds reduced-motion animation
  ---
  duration_ms: 1.560292
  ...
# (node:21837) [MODULE_TYPELESS_PACKAGE_JSON] Warning: Module type of file:///Users/johnmobley/sandboxes/paradise-ocean-boundaries/paradise/public/island/foliage.js is not specified and it doesn't parse as CommonJS.
# Reparsing as ES module because module syntax was detected. This incurs a performance overhead.
# To eliminate this warning, add "type": "module" to /Users/johnmobley/sandboxes/paradise-ocean-boundaries/package.json.
# (Use `node --trace-warnings ...` to show where the warning was created)
# Subtest: palm fronds are deterministic bounded meshes with closed leaflets
ok 26 - palm fronds are deterministic bounded meshes with closed leaflets
  ---
  duration_ms: 65.58625
  ...
# Subtest: trunks taper along their curved centerline with finite normals
ok 27 - trunks taper along their curved centerline with finite normals
  ---
  duration_ms: 19.034667
  ...
# Subtest: static batching retains painted vertex colors and does not mutate its source
ok 28 - static batching retains painted vertex colors and does not mutate its source
  ---
  duration_ms: 18.228417
  ...
# (node:21838) [MODULE_TYPELESS_PACKAGE_JSON] Warning: Module type of file:///Users/johnmobley/sandboxes/paradise-ocean-boundaries/paradise/public/island/ocean.js is not specified and it doesn't parse as CommonJS.
# Reparsing as ES module because module syntax was detected. This incurs a performance overhead.
# To eliminate this warning, add "type": "module" to /Users/johnmobley/sandboxes/paradise-ocean-boundaries/package.json.
# (Use `node --trace-warnings ...` to show where the warning was created)
# Subtest: sculpted assets have finite bounded geometry, colors and seam normals
ok 29 - sculpted assets have finite bounded geometry, colors and seam normals
  ---
  duration_ms: 51.988625
  ...
# Subtest: coastal garden uses shared meshes, bounded materials and dry planting
ok 30 - coastal garden uses shared meshes, bounded materials and dry planting
  ---
  duration_ms: 66.575834
  ...
# Subtest: decorative clusters leave the jetty and walking dog circuit clear
ok 31 - decorative clusters leave the jetty and walking dog circuit clear
  ---
  duration_ms: 75.323542
  ...
# (node:21839) [MODULE_TYPELESS_PACKAGE_JSON] Warning: Module type of file:///Users/johnmobley/sandboxes/paradise-ocean-boundaries/paradise/public/island/host.js is not specified and it doesn't parse as CommonJS.
# Reparsing as ES module because module syntax was detected. This incurs a performance overhead.
# To eliminate this warning, add "type": "module" to /Users/johnmobley/sandboxes/paradise-ocean-boundaries/package.json.
# (Use `node --trace-warnings ...` to show where the warning was created)
# Subtest: sculpted face, hair, dress and apron are deterministic, finite and bounded
ok 32 - sculpted face, hair, dress and apron are deterministic, finite and bounded
  ---
  duration_ms: 86.21475
  ...
# Subtest: all four primary sculptures are closed, consistently wound, nondegenerate solids
ok 33 - all four primary sculptures are closed, consistently wound, nondegenerate solids
  ---
  duration_ms: 49.132917
  ...
# Subtest: host keeps the existing articulated interface with seven batched meshes
ok 34 - host keeps the existing articulated interface with seven batched meshes
  ---
  duration_ms: 47.690333
  ...
# Subtest: face has an integrated nose and cheek relief rather than an added sphere
ok 35 - face has an integrated nose and cheek relief rather than an added sphere
  ---
  duration_ms: 3.233833
  ...
# (node:21840) [MODULE_TYPELESS_PACKAGE_JSON] Warning: Module type of file:///Users/johnmobley/sandboxes/paradise-ocean-boundaries/paradise/public/island/rain.js is not specified and it doesn't parse as CommonJS.
# Reparsing as ES module because module syntax was detected. This incurs a performance overhead.
# To eliminate this warning, add "type": "module" to /Users/johnmobley/sandboxes/paradise-ocean-boundaries/package.json.
# (Use `node --trace-warnings ...` to show where the warning was created)
# Subtest: rain meets the moving sea, stays bounded, and fades when the storm passes
ok 36 - rain meets the moving sea, stays bounded, and fades when the storm passes
  ---
  duration_ms: 87.927792
  ...
# Subtest: dry land never receives water rings; emerging land retires existing rings
ok 37 - dry land never receives water rings; emerging land retires existing rings
  ---
  duration_ms: 27.549292
  ...
# Subtest: reduced motion disables decorative rain and invalid timesteps do not corrupt state
ok 38 - reduced motion disables decorative rain and invalid timesteps do not corrupt state
  ---
  duration_ms: 1.035792
  ...
# (node:21841) [MODULE_TYPELESS_PACKAGE_JSON] Warning: Module type of file:///Users/johnmobley/sandboxes/paradise-ocean-boundaries/paradise/public/island/water-light.js is not specified and it doesn't parse as CommonJS.
# Reparsing as ES module because module syntax was detected. This incurs a performance overhead.
# To eliminate this warning, add "type": "module" to /Users/johnmobley/sandboxes/paradise-ocean-boundaries/package.json.
# (Use `node --trace-warnings ...` to show where the warning was created)
# Subtest: homogeneous light integration agrees with the analytic solution at every step count
ok 39 - homogeneous light integration agrees with the analytic solution at every step count
  ---
  duration_ms: 10.297834
  ...
# Subtest: light paths respect occlusion and colored extinction without negative or invalid radiance
ok 40 - light paths respect occlusion and colored extinction without negative or invalid radiance
  ---
  duration_ms: 0.8815
  ...
# Subtest: four light slices use bounded geometry with no triangle crossing between atlas tiles
ok 41 - four light slices use bounded geometry with no triangle crossing between atlas tiles
  ---
  duration_ms: 48.777208
  ...
# Subtest: depth reconstruction returns the actual world point, including translated cameras
ok 42 - depth reconstruction returns the actual world point, including translated cameras
  ---
  duration_ms: 1.12125
  ...
# (node:21843) [MODULE_TYPELESS_PACKAGE_JSON] Warning: Module type of file:///Users/johnmobley/sandboxes/paradise-ocean-boundaries/paradise/public/island/ocean.js is not specified and it doesn't parse as CommonJS.
# Reparsing as ES module because module syntax was detected. This incurs a performance overhead.
# To eliminate this warning, add "type": "module" to /Users/johnmobley/sandboxes/paradise-ocean-boundaries/package.json.
# (Use `node --trace-warnings ...` to show where the warning was created)
# Subtest: angle-addition samples reproduce the legacy finite differences
ok 43 - angle-addition samples reproduce the legacy finite differences
  ---
  duration_ms: 1.647625
  ...
# Subtest: reflection targets retain aspect ratio without exceeding one megapixel
ok 44 - reflection targets retain aspect ratio without exceeding one megapixel
  ---
  duration_ms: 0.325917
  ...
1..44
# tests 44
# suites 0
# pass 44
# fail 0
# cancelled 0
# skipped 0
# todo 0
# duration_ms 513.616958
